// Vitest Snapshot v1, https://vitest.dev/guide/snapshot.html

exports[`marketplaces > matches snapshot 1`] = `
[
  {
    "feeFixed": 0,
    "feePercent": 0,
    "hasFreeShipping": false,
    "id": "direct",
    "name": "Venda Direta",
  },
  {
    "feeFixed": 4,
    "feePercent": 20,
    "hasFreeShipping": true,
    "id": "shopee_ate79",
    "name": "Shopee (até R$79)",
    "shippingFeePercent": 0,
  },
  {
    "feeFixed": 16,
    "feePercent": 14,
    "hasFreeShipping": true,
    "id": "shopee_80mais",
    "name": "Shopee (R$80+)",
    "shippingFeePercent": 0,
  },
  {
    "feeFixed": 6.5,
    "feePercent": 16,
    "hasFreeShipping": true,
    "id": "mercadolivre",
    "name": "Mercado Livre",
    "shippingFeePercent": 0,
  },
  {
    "feeFixed": 0,
    "feePercent": 15,
    "hasFreeShipping": false,
    "id": "amazon",
    "name": "Amazon",
  },
  {
    "feeFixed": 3,
    "feePercent": 6.5,
    "hasFreeShipping": false,
    "id": "etsy",
    "name": "Etsy",
  },
]
`;
