// Vitest Snapshot v1, https://vitest.dev/guide/snapshot.html

exports[`printers > matches snapshot 1`] = `
[
  {
    "brand": "Bambu Lab",
    "id": "bambu_a1_mini",
    "image": "/images/printers/brands/bambu-lab/bambu-lab-a1-mini-card-300.png",
    "maintenancePerHour": 0.2,
    "maxFilaments": 4,
    "name": "A1 Mini",
    "power": 170,
    "usefulLife": 3000,
    "value": 2000,
  },
  {
    "brand": "Bambu Lab",
    "id": "bambu_a1",
    "image": "/images/printers/brands/bambu-lab/bambu-lab-a1-card-300.png",
    "maintenancePerHour": 0.3,
    "maxFilaments": 4,
    "name": "A1",
    "power": 220,
    "usefulLife": 3000,
    "value": 3000,
  },
  {
    "brand": "Bambu Lab",
    "id": "bambu_p1s",
    "image": "/images/printers/brands/bambu-lab/bambu-lab-p1s-card-300.png",
    "maintenancePerHour": 0.4,
    "maxFilaments": 4,
    "name": "P1S",
    "power": 350,
    "usefulLife": 4000,
    "value": 5500,
  },
  {
    "brand": "Bambu Lab",
    "id": "bambu_x1c",
    "image": "/images/printers/brands/bambu-lab/bambu-lab-x1-carbon-card-300.png",
    "maintenancePerHour": 0.6,
    "maxFilaments": 4,
    "name": "X1 Carbon",
    "power": 350,
    "usefulLife": 5000,
    "value": 10000,
  },
  {
    "brand": "Bambu Lab",
    "id": "bambu_x1e",
    "maintenancePerHour": 0.65,
    "maxFilaments": 4,
    "name": "X1E",
    "power": 350,
    "usefulLife": 5000,
    "value": 13000,
  },
  {
    "brand": "Creality",
    "id": "creality_ender_3_s1",
    "image": "/images/printers/brands/creality/creality-ender-3-s1-card-300.png",
    "maintenancePerHour": 0.15,
    "name": "Ender 3 S1",
    "power": 120,
    "usefulLife": 2000,
    "value": 1500,
  },
  {
    "brand": "Creality",
    "id": "creality_ender_3_s1_plus",
    "image": "/images/printers/brands/creality/creality-ender-3-s1-plus-card-300.png",
    "maintenancePerHour": 0.18,
    "name": "Ender 3 S1 Plus",
    "power": 150,
    "usefulLife": 2200,
    "value": 2000,
  },
  {
    "brand": "Creality",
    "id": "creality_ender_3_s1_pro",
    "image": "/images/printers/brands/creality/creality-ender-3-s1-pro-card-300.png",
    "maintenancePerHour": 0.16,
    "name": "Ender 3 S1 Pro",
    "power": 120,
    "usefulLife": 2000,
    "value": 1800,
  },
  {
    "brand": "Creality",
    "id": "creality_ender_3_v3_se",
    "image": "/images/printers/brands/creality/creality-ender-3-v3-se-card-300.png",
    "maintenancePerHour": 0.14,
    "name": "Ender 3 V3 SE",
    "power": 180,
    "usefulLife": 2500,
    "value": 1400,
  },
  {
    "brand": "Creality",
    "id": "creality_ender_3_v3",
    "maintenancePerHour": 0.2,
    "name": "Ender 3 V3",
    "power": 240,
    "usefulLife": 3000,
    "value": 2500,
  },
  {
    "brand": "Creality",
    "id": "creality_ender_3_v3_ke",
    "maintenancePerHour": 0.2,
    "name": "Ender 3 V3 KE",
    "power": 240,
    "usefulLife": 3000,
    "value": 2300,
  },
  {
    "brand": "Creality",
    "id": "creality_k1",
    "image": "/images/printers/brands/creality/creality-k1-card-300.png",
    "maintenancePerHour": 0.35,
    "name": "K1",
    "power": 350,
    "usefulLife": 3500,
    "value": 3800,
  },
  {
    "brand": "Creality",
    "id": "creality_k1c",
    "image": "/images/printers/brands/creality/creality-k1c-card-300.png",
    "maintenancePerHour": 0.35,
    "name": "K1C",
    "power": 350,
    "usefulLife": 3500,
    "value": 4200,
  },
  {
    "brand": "Creality",
    "id": "creality_k1_se",
    "image": "/images/printers/brands/creality/creality-k1-se-card-300.png",
    "maintenancePerHour": 0.3,
    "name": "K1 SE",
    "power": 350,
    "usefulLife": 3500,
    "value": 3500,
  },
  {
    "brand": "Creality",
    "id": "creality_k1_max",
    "image": "/images/printers/brands/creality/creality-k1-max-card-300.png",
    "maintenancePerHour": 0.45,
    "name": "K1 Max",
    "power": 400,
    "usefulLife": 4000,
    "value": 6000,
  },
  {
    "brand": "Creality",
    "id": "creality_k2",
    "image": "/images/printers/brands/creality/creality-k2-card-300.png",
    "maintenancePerHour": 0.5,
    "name": "K2",
    "power": 500,
    "usefulLife": 5000,
    "value": 8000,
  },
  {
    "brand": "Creality",
    "id": "creality_k2_plus",
    "image": "/images/printers/brands/creality/creality-k2-plus-card-300.png",
    "maintenancePerHour": 0.55,
    "name": "K2 Plus",
    "power": 550,
    "usefulLife": 5000,
    "value": 10000,
  },
  {
    "brand": "Creality",
    "id": "creality_k2_pro",
    "image": "/images/printers/brands/creality/creality-k2-pro-card-300.png",
    "maintenancePerHour": 0.5,
    "name": "K2 Pro",
    "power": 500,
    "usefulLife": 5000,
    "value": 9000,
  },
  {
    "brand": "Creality",
    "id": "creality_cr10_v3",
    "maintenancePerHour": 0.2,
    "name": "CR-10 V3",
    "power": 180,
    "usefulLife": 2500,
    "value": 3000,
  },
  {
    "brand": "Creality",
    "id": "creality_cr10_smart",
    "maintenancePerHour": 0.25,
    "name": "CR-10 Smart",
    "power": 220,
    "usefulLife": 3000,
    "value": 3500,
  },
  {
    "brand": "Creality",
    "id": "creality_cr6_se",
    "maintenancePerHour": 0.15,
    "name": "CR-6 SE",
    "power": 140,
    "usefulLife": 2000,
    "value": 1800,
  },
  {
    "brand": "Creality",
    "id": "creality_halot_sky",
    "maintenancePerHour": 0.3,
    "name": "Halot Sky",
    "power": 200,
    "usefulLife": 3000,
    "value": 4500,
  },
  {
    "brand": "Anycubic",
    "id": "anycubic_kobra_2",
    "image": "/images/printers/brands/anycubic/anycubic-kobra-2-card-300.png",
    "maintenancePerHour": 0.18,
    "name": "Kobra 2",
    "power": 200,
    "usefulLife": 2500,
    "value": 1800,
  },
  {
    "brand": "Anycubic",
    "id": "anycubic_kobra_2_pro",
    "image": "/images/printers/brands/anycubic/anycubic-kobra-2-pro-card-300.png",
    "maintenancePerHour": 0.22,
    "name": "Kobra 2 Pro",
    "power": 250,
    "usefulLife": 2800,
    "value": 2300,
  },
  {
    "brand": "Anycubic",
    "id": "anycubic_kobra_2_max",
    "image": "/images/printers/brands/anycubic/anycubic-kobra-2-max-card-300.png",
    "maintenancePerHour": 0.28,
    "name": "Kobra 2 Max",
    "power": 280,
    "usefulLife": 3000,
    "value": 3500,
  },
  {
    "brand": "Anycubic",
    "id": "anycubic_kobra_3",
    "image": "/images/printers/brands/anycubic/anycubic-kobra-3-card-300.png",
    "maintenancePerHour": 0.25,
    "name": "Kobra 3",
    "power": 300,
    "usefulLife": 3000,
    "value": 3000,
  },
  {
    "brand": "Anycubic",
    "id": "anycubic_kobra_3_v2",
    "image": "/images/printers/brands/anycubic/anycubic-kobra-3-v2-card-300.png",
    "maintenancePerHour": 0.28,
    "name": "Kobra 3 V2",
    "power": 300,
    "usefulLife": 3200,
    "value": 3500,
  },
  {
    "brand": "Anycubic",
    "id": "anycubic_kobra_3_max",
    "image": "/images/printers/brands/anycubic/anycubic-kobra-3-max-card-300.png",
    "maintenancePerHour": 0.35,
    "name": "Kobra 3 Max",
    "power": 350,
    "usefulLife": 3500,
    "value": 5000,
  },
  {
    "brand": "Anycubic",
    "id": "anycubic_kobra_s1",
    "image": "/images/printers/brands/anycubic/anycubic-kobra-s1-card-300.png",
    "maintenancePerHour": 0.22,
    "name": "Kobra S1",
    "power": 280,
    "usefulLife": 3000,
    "value": 2500,
  },
  {
    "brand": "Anycubic",
    "id": "anycubic_kobra_s1_combo",
    "image": "/images/printers/brands/anycubic/anycubic-kobra-s1-combo-card-300.png",
    "maintenancePerHour": 0.28,
    "name": "Kobra S1 Combo",
    "power": 300,
    "usefulLife": 3200,
    "value": 3500,
  },
  {
    "brand": "Anycubic",
    "id": "anycubic_kobra_s1_max_combo",
    "image": "/images/printers/brands/anycubic/anycubic-kobra-s1-max-combo-card-300.png",
    "maintenancePerHour": 0.35,
    "name": "Kobra S1 Max Combo",
    "power": 350,
    "usefulLife": 3500,
    "value": 5500,
  },
  {
    "brand": "Anycubic",
    "id": "anycubic_mega_x",
    "image": "/images/printers/brands/anycubic/anycubic-mega-x-card-300.png",
    "maintenancePerHour": 0.15,
    "name": "Mega X",
    "power": 180,
    "usefulLife": 2000,
    "value": 1500,
  },
  {
    "brand": "Anycubic",
    "id": "anycubic_vyper",
    "maintenancePerHour": 0.18,
    "name": "Vyper",
    "power": 200,
    "usefulLife": 2200,
    "value": 1800,
  },
  {
    "brand": "Anycubic",
    "id": "anycubic_chiron",
    "maintenancePerHour": 0.22,
    "name": "Chiron",
    "power": 250,
    "usefulLife": 2500,
    "value": 2800,
  },
  {
    "brand": "Anycubic",
    "id": "anycubic_photon_m3",
    "maintenancePerHour": 0.15,
    "name": "Photon M3",
    "power": 120,
    "usefulLife": 2000,
    "value": 2000,
  },
  {
    "brand": "Anycubic",
    "id": "anycubic_photon_m3s",
    "maintenancePerHour": 0.2,
    "name": "Photon M3 Plus",
    "power": 150,
    "usefulLife": 2500,
    "value": 3500,
  },
  {
    "brand": "Anycubic",
    "id": "anycubic_photon_ultra",
    "maintenancePerHour": 0.18,
    "name": "Photon Ultra",
    "power": 100,
    "usefulLife": 2500,
    "value": 3000,
  },
  {
    "brand": "Prusa",
    "id": "prusa_mk3s",
    "maintenancePerHour": 0.25,
    "name": "MK3S+",
    "power": 160,
    "usefulLife": 4000,
    "value": 5500,
  },
  {
    "brand": "Prusa",
    "id": "prusa_mk4",
    "maintenancePerHour": 0.3,
    "name": "MK4",
    "power": 180,
    "usefulLife": 4500,
    "value": 7500,
  },
  {
    "brand": "Prusa",
    "id": "prusa_mk4s",
    "maintenancePerHour": 0.3,
    "name": "MK4S",
    "power": 180,
    "usefulLife": 4500,
    "value": 8000,
  },
  {
    "brand": "Prusa",
    "id": "prusa_xl_2",
    "maintenancePerHour": 0.6,
    "maxFilaments": 2,
    "name": "XL 2-Head",
    "power": 350,
    "usefulLife": 6000,
    "value": 20000,
  },
  {
    "brand": "Prusa",
    "id": "prusa_xl_5",
    "maintenancePerHour": 0.8,
    "maxFilaments": 5,
    "name": "XL 5-Head",
    "power": 500,
    "usefulLife": 6000,
    "value": 35000,
  },
  {
    "brand": "Prusa",
    "id": "prusa_mini",
    "maintenancePerHour": 0.2,
    "name": "Mini+",
    "power": 120,
    "usefulLife": 3000,
    "value": 3500,
  },
  {
    "brand": "Prusa",
    "id": "prusa_sl1s",
    "maintenancePerHour": 0.4,
    "name": "SL1S Speed",
    "power": 100,
    "usefulLife": 3000,
    "value": 15000,
  },
  {
    "brand": "Elegoo",
    "id": "elegoo_neptune_3",
    "maintenancePerHour": 0.12,
    "name": "Neptune 3",
    "power": 180,
    "usefulLife": 2000,
    "value": 1200,
  },
  {
    "brand": "Elegoo",
    "id": "elegoo_neptune_3_pro",
    "maintenancePerHour": 0.15,
    "name": "Neptune 3 Pro",
    "power": 200,
    "usefulLife": 2500,
    "value": 1600,
  },
  {
    "brand": "Elegoo",
    "id": "elegoo_neptune_3_plus",
    "maintenancePerHour": 0.18,
    "name": "Neptune 3 Plus",
    "power": 240,
    "usefulLife": 2800,
    "value": 2200,
  },
  {
    "brand": "Elegoo",
    "id": "elegoo_neptune_4",
    "maintenancePerHour": 0.18,
    "name": "Neptune 4",
    "power": 300,
    "usefulLife": 3000,
    "value": 2000,
  },
  {
    "brand": "Elegoo",
    "id": "elegoo_neptune_4_pro",
    "maintenancePerHour": 0.2,
    "name": "Neptune 4 Pro",
    "power": 320,
    "usefulLife": 3000,
    "value": 2500,
  },
  {
    "brand": "Elegoo",
    "id": "elegoo_neptune_4_max",
    "maintenancePerHour": 0.28,
    "name": "Neptune 4 Max",
    "power": 400,
    "usefulLife": 3500,
    "value": 3800,
  },
  {
    "brand": "Elegoo",
    "id": "elegoo_saturn_2",
    "maintenancePerHour": 0.18,
    "name": "Saturn 2",
    "power": 130,
    "usefulLife": 2500,
    "value": 3000,
  },
  {
    "brand": "Elegoo",
    "id": "elegoo_saturn_3",
    "maintenancePerHour": 0.22,
    "name": "Saturn 3",
    "power": 150,
    "usefulLife": 2800,
    "value": 3500,
  },
  {
    "brand": "Elegoo",
    "id": "elegoo_saturn_4",
    "maintenancePerHour": 0.25,
    "name": "Saturn 4",
    "power": 180,
    "usefulLife": 3000,
    "value": 4500,
  },
  {
    "brand": "Elegoo",
    "id": "elegoo_mars_4",
    "maintenancePerHour": 0.12,
    "name": "Mars 4",
    "power": 80,
    "usefulLife": 2000,
    "value": 1800,
  },
  {
    "brand": "Elegoo",
    "id": "elegoo_mars_5",
    "maintenancePerHour": 0.14,
    "name": "Mars 5",
    "power": 90,
    "usefulLife": 2200,
    "value": 2200,
  },
  {
    "brand": "Elegoo",
    "id": "elegoo_orangestorm_g2",
    "maintenancePerHour": 0.5,
    "name": "OrangeStorm G2",
    "power": 500,
    "usefulLife": 4000,
    "value": 8000,
  },
  {
    "brand": "Flashforge",
    "id": "flashforge_guider_3",
    "maintenancePerHour": 0.35,
    "name": "Guider 3",
    "power": 350,
    "usefulLife": 4000,
    "value": 8000,
  },
  {
    "brand": "Flashforge",
    "id": "flashforge_guider_3s",
    "maintenancePerHour": 0.4,
    "name": "Guider 3S",
    "power": 400,
    "usefulLife": 4500,
    "value": 10000,
  },
  {
    "brand": "Flashforge",
    "id": "flashforge_adventurer_4",
    "maintenancePerHour": 0.22,
    "name": "Adventurer 4",
    "power": 250,
    "usefulLife": 3000,
    "value": 4000,
  },
  {
    "brand": "Flashforge",
    "id": "flashforge_adventurer_5m",
    "maintenancePerHour": 0.25,
    "name": "Adventurer 5M",
    "power": 300,
    "usefulLife": 3000,
    "value": 3500,
  },
  {
    "brand": "Flashforge",
    "id": "flashforge_finder_3",
    "maintenancePerHour": 0.14,
    "name": "Finder 3",
    "power": 150,
    "usefulLife": 2000,
    "value": 2000,
  },
  {
    "brand": "Flashforge",
    "id": "flashforge_creator_4s",
    "maintenancePerHour": 0.7,
    "name": "Creator 4S",
    "power": 500,
    "usefulLife": 5000,
    "value": 25000,
  },
  {
    "brand": "UltiMaker",
    "id": "ultimaker_s3",
    "maintenancePerHour": 0.5,
    "name": "S3",
    "power": 250,
    "usefulLife": 5000,
    "value": 18000,
  },
  {
    "brand": "UltiMaker",
    "id": "ultimaker_s5",
    "maintenancePerHour": 0.7,
    "name": "S5",
    "power": 350,
    "usefulLife": 6000,
    "value": 28000,
  },
  {
    "brand": "UltiMaker",
    "id": "ultimaker_fact_4",
    "maintenancePerHour": 0.8,
    "name": "Factor 4",
    "power": 400,
    "usefulLife": 6000,
    "value": 35000,
  },
  {
    "brand": "UltiMaker",
    "id": "ultimaker_method_x",
    "maintenancePerHour": 0.6,
    "name": "Method X",
    "power": 300,
    "usefulLife": 5000,
    "value": 22000,
  },
  {
    "brand": "UltiMaker",
    "id": "ultimaker_method_xl",
    "maintenancePerHour": 0.75,
    "name": "Method XL",
    "power": 400,
    "usefulLife": 6000,
    "value": 30000,
  },
  {
    "brand": "Artillery",
    "id": "artillery_sidewinder_x1",
    "maintenancePerHour": 0.18,
    "name": "Sidewinder X1",
    "power": 220,
    "usefulLife": 2500,
    "value": 2500,
  },
  {
    "brand": "Artillery",
    "id": "artillery_sidewinder_x2",
    "maintenancePerHour": 0.22,
    "name": "Sidewinder X2",
    "power": 260,
    "usefulLife": 2800,
    "value": 3000,
  },
  {
    "brand": "Artillery",
    "id": "artillery_sidewinder_x4",
    "maintenancePerHour": 0.25,
    "name": "Sidewinder X4",
    "power": 300,
    "usefulLife": 3000,
    "value": 3500,
  },
  {
    "brand": "Artillery",
    "id": "artillery_hornet",
    "maintenancePerHour": 0.12,
    "name": "Hornet",
    "power": 160,
    "usefulLife": 2000,
    "value": 1200,
  },
  {
    "brand": "Artillery",
    "id": "artillery_genius",
    "maintenancePerHour": 0.15,
    "name": "Genius",
    "power": 180,
    "usefulLife": 2200,
    "value": 1800,
  },
  {
    "brand": "Artillery",
    "id": "artillery_sw_x4_plus",
    "maintenancePerHour": 0.3,
    "name": "SW X4 Plus",
    "power": 350,
    "usefulLife": 3500,
    "value": 4500,
  },
  {
    "brand": "Qidi Tech",
    "id": "qidi_x_plus",
    "maintenancePerHour": 0.28,
    "name": "X-Plus",
    "power": 280,
    "usefulLife": 3500,
    "value": 4500,
  },
  {
    "brand": "Qidi Tech",
    "id": "qidi_x_max",
    "maintenancePerHour": 0.35,
    "name": "X-Max",
    "power": 350,
    "usefulLife": 4000,
    "value": 6000,
  },
  {
    "brand": "Qidi Tech",
    "id": "qidi_x_smart",
    "maintenancePerHour": 0.2,
    "name": "X-Smart",
    "power": 200,
    "usefulLife": 2500,
    "value": 3000,
  },
  {
    "brand": "Qidi Tech",
    "id": "qidi_i_fast",
    "maintenancePerHour": 0.32,
    "name": "I-Fast",
    "power": 350,
    "usefulLife": 4000,
    "value": 5500,
  },
  {
    "brand": "Qidi Tech",
    "id": "qidi_i3",
    "maintenancePerHour": 0.2,
    "name": "Qidi I-3",
    "power": 250,
    "usefulLife": 2500,
    "value": 3000,
  },
  {
    "brand": "Sovol",
    "id": "sovol_sv06",
    "maintenancePerHour": 0.12,
    "name": "SV06",
    "power": 160,
    "usefulLife": 2000,
    "value": 1400,
  },
  {
    "brand": "Sovol",
    "id": "sovol_sv06_plus",
    "maintenancePerHour": 0.15,
    "name": "SV06 Plus",
    "power": 220,
    "usefulLife": 2500,
    "value": 2000,
  },
  {
    "brand": "Sovol",
    "id": "sovol_sv07",
    "maintenancePerHour": 0.2,
    "name": "SV07",
    "power": 380,
    "usefulLife": 3000,
    "value": 2500,
  },
  {
    "brand": "Sovol",
    "id": "sovol_sv07_plus",
    "maintenancePerHour": 0.28,
    "name": "SV07 Plus",
    "power": 450,
    "usefulLife": 3500,
    "value": 3500,
  },
  {
    "brand": "Sovol",
    "id": "sovol_sv01",
    "maintenancePerHour": 0.14,
    "name": "SV01",
    "power": 200,
    "usefulLife": 2000,
    "value": 1500,
  },
  {
    "brand": "AnkerMake",
    "id": "ankermake_m5",
    "maintenancePerHour": 0.25,
    "name": "M5",
    "power": 300,
    "usefulLife": 3000,
    "value": 3500,
  },
  {
    "brand": "AnkerMake",
    "id": "ankermake_m5c",
    "maintenancePerHour": 0.22,
    "name": "M5C",
    "power": 300,
    "usefulLife": 3000,
    "value": 2800,
  },
  {
    "brand": "AnkerMake",
    "id": "ankermake_v6",
    "maintenancePerHour": 0.35,
    "name": "V6",
    "power": 400,
    "usefulLife": 4000,
    "value": 6000,
  },
  {
    "brand": "Raise3D",
    "id": "raise3d_e2",
    "maintenancePerHour": 0.5,
    "name": "E2",
    "power": 350,
    "usefulLife": 5000,
    "value": 18000,
  },
  {
    "brand": "Raise3D",
    "id": "raise3d_pro3",
    "maintenancePerHour": 0.65,
    "name": "Pro3",
    "power": 500,
    "usefulLife": 6000,
    "value": 25000,
  },
  {
    "brand": "Raise3D",
    "id": "raise3d_pro3_plus",
    "maintenancePerHour": 0.8,
    "name": "Pro3 Plus",
    "power": 600,
    "usefulLife": 6000,
    "value": 35000,
  },
  {
    "brand": "Raise3D",
    "id": "raise3d_rf1000",
    "maintenancePerHour": 0.35,
    "name": "RF1000",
    "power": 300,
    "usefulLife": 4000,
    "value": 8000,
  },
  {
    "brand": "Snapmaker",
    "id": "snapmaker_j1",
    "maintenancePerHour": 0.25,
    "name": "J1",
    "power": 250,
    "usefulLife": 3000,
    "value": 6000,
  },
  {
    "brand": "Snapmaker",
    "id": "snapmaker_artisan",
    "maintenancePerHour": 0.3,
    "name": "Artisan",
    "power": 350,
    "usefulLife": 3500,
    "value": 8000,
  },
  {
    "brand": "Snapmaker",
    "id": "snapmaker_a350t",
    "maintenancePerHour": 0.22,
    "name": "A350T",
    "power": 300,
    "usefulLife": 3000,
    "value": 5000,
  },
  {
    "brand": "Voron",
    "id": "voron_v0",
    "maintenancePerHour": 0.2,
    "name": "V0.2",
    "power": 180,
    "usefulLife": 3000,
    "value": 4000,
  },
  {
    "brand": "Voron",
    "id": "voron_trident",
    "maintenancePerHour": 0.3,
    "name": "Trident",
    "power": 350,
    "usefulLife": 4000,
    "value": 7000,
  },
  {
    "brand": "Voron",
    "id": "voron_24",
    "maintenancePerHour": 0.35,
    "name": "2.4",
    "power": 400,
    "usefulLife": 4000,
    "value": 8000,
  },
  {
    "brand": "Voron",
    "id": "voron_switchwire",
    "maintenancePerHour": 0.22,
    "name": "Switchwire",
    "power": 250,
    "usefulLife": 3000,
    "value": 5000,
  },
  {
    "brand": "Peopoly",
    "id": "peopoly_lantech",
    "maintenancePerHour": 0.2,
    "name": "LanTech",
    "power": 120,
    "usefulLife": 2500,
    "value": 3500,
  },
  {
    "brand": "Peopoly",
    "id": "peopoly_forge",
    "maintenancePerHour": 0.45,
    "name": "Forge",
    "power": 400,
    "usefulLife": 4000,
    "value": 12000,
  },
  {
    "brand": "Phrozen",
    "id": "phrozen_sonic_mega_8k",
    "maintenancePerHour": 0.3,
    "name": "Sonic Mega 8K",
    "power": 180,
    "usefulLife": 3000,
    "value": 5500,
  },
  {
    "brand": "Phrozen",
    "id": "phrozen_sonic_4k",
    "maintenancePerHour": 0.15,
    "name": "Sonic 4K",
    "power": 100,
    "usefulLife": 2000,
    "value": 2500,
  },
  {
    "brand": "Phrozen",
    "id": "phrozen_sonic_mini_8k",
    "maintenancePerHour": 0.18,
    "name": "Sonic Mini 8K",
    "power": 80,
    "usefulLife": 2500,
    "value": 3000,
  },
  {
    "brand": "Outra",
    "id": "custom",
    "maintenancePerHour": 0.25,
    "name": "Personalizada",
    "power": 250,
    "usefulLife": 3000,
    "value": 3000,
  },
]
`;
